ABC
ZYXZ
REVERSE
JAG
ICPC
JAPAN
WBGOADANPVA
ZZFBNNUYAUANFJDERQPUWUHAA
MGNLX
ALABOVPSDBW
QUSY
PALZATPALTBARRT
JDWVWAA
DUDHRGIN
DWXNYVCKPRKSOOSABAFWJUJENCPESKALKIGLNOTGFLKIPAPAJASFZ
YHGVNGNDZVMMSDPWFMWWYBXJXIGADTARKTSOOHIJZBO
GSHAIOEPSVKAPACAHMKWQZZAGCOPDJEISDZ
SADUAXASZNDRSAA
KEGDBQSAWAXBAASYLIG
TTRPICMGSJWMIPECCVFUSDZXCWMPWOXMKJBHMDQETLH
DMSLHJUUGOGTBTAHNOLIWMZU
AELMCAIXBVUAIHVC
UVZNKCRXDLYALAJTSBWRFUZI
TAQIIAQESHAED
VYSOXNGBHPGLAASCNGLIXDPNBNASFFHBSEUKZTMLGJD
KYFVLGHLZGCHQLIOTQHUWMGMQCNIGRHVUNEEQAXUHOTALMHYHCZTLSAAGGJHRSDLA
GXPXGTWDKHGZFBIPKYTTWCIAFXKZFODK
HNELSWDGKKQIPEDXULMQZSHUHOBMLPOILMARDJOEPBXBRIPAANWGAANFSUAAGSBMAPU
KBRGJKNUQHCDYAJLWVEKPKGYAUIQHOPOJMRNNRFHZJEDUQFYISXALCIBA
UANETCLKCBWYGRRRHNGZVPJQLSCVDZW
IZTQYQRVXYQNLJIMMVBKHFHPMTNFHAMZKFXAUMAEPTR
ECFBKMOHYNKNQTAPBIQBWSPHNFEZULVEVLWLSTOATWMKXVP
WRGPNTDMMTBHZNWRFNSLSNQEZLHZRYAIXHZGZWVCXBIG
XCDPIABSEPSUIAAXWKYHVVRNB
GPQURFPIQDFTASWNRNYFNRLLTATMJASJ
OQOBOII
WZGUZZYQITDDCINEMYPCBFELHMHYPBTBWMCHQHYGFTVAOFPXWMPMFBCFNCLQEXJGVZPQBXCQOSKJDX
QSOQGFPOVIGXFVHLTPWPTOJSARDOZOGRLTULBERIYWIREEBJDDKDHPYLEYP
CBKDGXZURJPOAHRHDPQEXZSRPGVAUTABOGKWKUEHFZWHVAMSNTZUVCRQZPLXHYKIAOAPAZKZAMLSNEZS
CGWAYAOKAACTFXTIVFBDWPRUAIVTGGZHBPVLXFKISDNEOGDSEENJLEWROBJHPPPJCZYXEAIQANAZTKSN
RIQZWEDRRFZBRKGAANBBFOMOIAWWMAJIQVHDLNSVWNWBKTEHYKEVHACVDFLMNKRLJMIJVFXDVDYDMVKJ
DYGNNORDXMUJNZLKEAMDXANOKVBVPLRWXZIJPJKULODEULUEAKSAYIUZYWPYYFOCICAZYEWQYULJLFMT
K
UOTPIPAOSQPIYDAHRDSJEJLCWECAAFVPNBHCCJYVCCUD
VFJIVRRFNQTBVHJAIQEWAZYHACINVJOAFACU
IAHYIBWNQMDNBSNAHAOVAAEJSJHPTXKDDXPIOALXKAAZTEUIEB
KALNAYIH
IEWJWAEOLXXKEQXCJIIIIFBWKCYBBVHVTO
WDOOLTLJARFAQXIRLZRBHNRKPQS
QVAADXEOVLHGXANEDDKSPOCBOFZURVODELFSSFHTOIKAYKMALI
VRPKZBXMSYGAWNUEVHZINXHLQZM
OMGBFEKLQZWUAKQWXPBNKNHZZIIXBIJI
MFZIUNEXGGZDAOANCGDTGAJA
TXRVVUULAXOATMHLOFIDZAIMKUFK
TDGYKPAJBAPOFUHFIXXBWO
SUCCYIHBSQTHYQWLYUHMKUBKULP
QHDSSEGDSXCCKZNKRNEAXSJSBNRQJPDXK
ALNGZEPWAMVBGHGMEZWUFGPUACSPBAANTJQR
YTIDAPIKCQFOPXKAFUQGEXSRTRXYDYYAIUOXFDYQNAVVACBONYTTNOUXKGPQAHJVGWAC
NADDHTNGJWOYSAPUIKADZXSQMUJPZGWXAATWMFDJLXYY
CWUCPAOXSKPHVHAHGAPPYVSTFPROHAMQFVCEURMW
S
T
Z
R
U
F
FM
JA
FQF
AYA
AMA
GOODLUCKANDHAVEAFUN
A
AA
AAA
A
ZABCDEFGHIJKLMNOPQRSTUVWXYA
BCDEFGHIJKLMNOPQRSTUVWXYZAA
A
AA
AAA
OTSU
