ABC
ZYXZ
REVERSE
JAG
ICPC
JAPAN
AAAO
TASDINAPYAMLFJBSFAJFTZMOMOLWL
LEKJHYRIHJEJERAEOILXE
TBXBVSHJMAHZJ
EZJHKWOGMGNCU
LELGTAAAQKAN
ADAQMQHWTGR
NAASAAE
YPPXLKQQRJVLKAQQEEIHCMJKBBUEYALWOQCAHXPGGCTWPAWCEBQNDQDJPHJD
FTIZKQQSHSMEFUCDSUZDBLZSSKWCPVUZORGDZFYSSDPSCRWW
WGMMNKYEKIFQRAPIUCGANIVN
AXKXMUGCJCMNVRRJCTFKPQDQXUHALXAHYJPBACONCKVNGGA
FWHFPSMCXAKJWABGAMZCCXGQDTQXBJARALGRGBTLA
DBXFQPDJHGUZESCKKVHHDESWNVVPQHWLWNKJEFAZLXKJ
YDMSHSPTQWEBTWVUAOAECYEXAT
MEGHIGXUVVACKUQQQTWASLAXZRXYEOJWTULNPWQ
GDRNZRMJMLAEWQJWIAGAMTIBGKAXGGADA
PCFZSCESGBVNEDNWFCA
BQMYFZFFJBIUPFSFGOAPKWOADYYXNAPTLYKSXUEHUYGMFL
GCSFQDHBMOZSYVFTHGNQBULKGESXLNOUBLOUBNIJIONSVFLYPVOJ
PAZVIXGNQKTPJTAMBKCAXWBBVCUJCPCXQFXGZRCVTOTAOLJMAWWRKNL
VYCXVQQROTWVOHUGQGDJRADKOIQDMV
KICDBOARAFIMVHNPXCOJNQOFQWZCTXE
EXCECAKXZJDSPRUMVBKPOGCAINXLYCMXUMDBK
EYKAHRFTQVAOHAGNVANQWLEXUMBXNZIVKWFLS
WOSLWZPUFRMAUVVQASAQGDQHXJJPBBUJEHGQQRKQW
YTAZMNCKIIWYLWALTALOHLZGFITOPXXSMJNHCQHHTJOOAVZJFIQSZHQUCVKDJRPPZ
VYLHRYMKLTAJJDAAUXXAUISB
DOLUYFGERAIYPICQFAENODYKVDNNCLJWDDLCHQLIWGLSANSAFEXCKQKNQRNEWVXXAKDCJZV
SDCHNESPBTRGBAYOBFLZAAFAQUGLTBBAEERTMTXRZS
TAOMFHMO
DXHCLHUZHFJGDVUGNWYAGUTZMZCTBQLVQDPIAAGTEQJNYIEUHNUABJXKDRAMNAGATLBG
NCYQLKAHDDSSJAYSXWGMJGXJNCLUSCMBPDXSXFQPKAZFKUZJHAJUVQNLNUSLQLYIYABLYCERJGOHOOTB
IQNIQHZRJCDAZLIDHRZKIATOVQPJAQBNVSMHVFMCMIBNAHXAYNUUIQYKTQYTHDZOSGQOAWQKEWOACAEF
TNISJSVHMRILAFHDLAAAACTYNVTNPNGCZVLUTRUTRRTDAPWBUXRCMIAISPAWHGDMIZTWFKBGKATICASV
KVVMBNKDCEALHZDVJEGSFWZMFAYWGHNKUVCBDXSRMJYWDQJAMYZMPCZISDARVSSBAIPAJUJDZYRHZCBG
F
XWHGZGKQSWIAETAQCAYEIOBHHLMGSBTAAGRVTWIZTASTZJALMYJI
JKYQAIOWQDSQJWFHCHIIVYCTZOCYKWRISXKLJCLRKQQ
YWHBVUMTQFXQAMUTLJCXSGBAZIFDONZ
TAAZYULTGJRO
NSQEAAWWABGGSTLGLPQQERBMUEFBUOKIZSQFWHLCTMANRBN
EGAUHWGIKCKNLQHOABTAEVFMZDCQSVBHIEBGWV
ZCGDWHAQUPOATROKRSOUERWDAMKCHEQKHBKSCAKMBAMRLORWHQ
QWCITJITHVKXFHZRSWQFKRCJLYLLC
QBGLAVGQHVYVRMTCCAVFBHTWNOK
GAARLKOAIIVHRMHAMZNRFKDFNBAAWTYVCFX
GPXFLCDHAFKOTBCCMLTOVPXBNWOUFZXQABGPJHKHBBRADXMZGQZCLBDLBOVVF
UKVQTLMCKDOLNVOQJYNVCKU
RXTCZWVJEYNAEOUUXDAA
VDISRNOYZONQUCTABXPMBNMCTQAAITZWLYSYBWDBACBYATMZNKUHLIUYXLVXTYH
CAJXOJCGQWAWXAAHEZASIX
ZVBECISPRNQCLAPCAQGAAGDTAARTXQVNTVJWES
JBYKSLLAOBJFHMIOCXHSQUCSBMOWAIXFCFYZEZALDKWUACQZBAQYYEYFPPOCLBXFTBEA
SXLBRQJOXFUWSAARQIAAUVTDHBYWTADQ
W
A
P
N
J
Z
ZY
AQ
FBW
CAO
AAY
ABRACADABRA
A
AA
AAA
A
ZABCDEFGHIJKLMNOPQRSTUVWXYA
BCDEFGHIJKLMNOPQRSTUVWXYZAA
A
AA
AAA
OTSU
