ABC
ZYXZ
REVERSE
JAG
ICPC
JAPAN
CFMZFNJAAMZRKSLIWE
FVARIYILOWNCLANIVLVCRZYQASMYA
LKQHRVGMGXD
NEADGQVRSVAHSCI
AZAAAO
ADZAUDOABG
ACACA
AAA
DUAXPRXFHVAZFXWCHLBAZETTUWNPIUHCHOK
RNNCSDQKQRWTFQHIFHWVNQDSMBKVJGTYQTFHXKWQUBVF
JOGQHWULWMHSPINIOTPABNDLAWNVKHN
DFGBYDDAATAIQULPSTYRMUTRORJKMCZETUKMWOGMJTU
NNAQZTNXIKBGNALQIAHBRKEWXOBSLK
MIBTWABZTGOUBJUEEEOFTFIOILEOF
OBGOADQYCFATIAMBL
ZIYHKEKSBADXNEFAQKK
AUAEJPUVHAMMYYDHXGYXIKPIGAZVRPKASD
BWAERAYHCVAAOZI
LTJABTIZWTTLEIBCUHCUYMJXKANAEBNXHLXLOMSDRTMLUMMAQROAMDWHYWA
UKUVJZKJNTGHXBAPZLLEDPCELRNLQPQPMCQQFYFRPBMCJFPMRFLXHCULLBXQMOWIXC
NRVJXAFNQUANUNNAGCQJYXYIJMNDAPKNAVPKKXEJQOPIQA
TKFSXWRZMCTAZPALFLFWIODOAAPGUIGSPWT
JVYMLVAOVYPMEIQPXBFOFTITHVLEKY
PHFAGKSNNHOSQNOEKRPKAUARFTANTSP
MKAMSMAACPDAPHNAKGKQPLTIQDXWOHOGYUKCUBNOUL
KAVBQDNACHEPLXBTGCMEQLFPCVRKCBACCQFXLPJKI
UJOUZPPHRBRAEMJHOBAOKDNCMGXJRHNP
DMVDNAHMWAFGDPVYXFBGAOROAUWIIAONQIXKXFVRKXLW
JGMRGGFXMLLVJVPGOOUFUCDGGILUXAH
PUKQXPCDHSWWQCSETECYRMJMQIEXOWGBTFXYBUFWVRNZOWXGXEERCNZSTKSZXNKREIIKURBMHVW
RJLCGSLNVEMVXJRMBPBUIHUPSPAFCFQYH
KBQAABTLMDSRQAQZWAYAVGDZUYWAAHMBHLUACEPTPXLCIIBJUDE
VLMJANACGMEZPKBKLGIFDZUMXFQVFXFJAXNHVGTBPDAKVUGHZDJZNTVMOIROHBOQAQVXLCSFSNLTOBSB
RVJVJTNACAREONOTLLUANALZUENUNPHSWTTRYTEWJPKMAEKBXIWBGCFTTWYTMMPEIHBFMAJBKJDKHWES
VPGEVWZUOPIRVTOEAICLOVHTZVXNKMQSAAGGKPCPJNKXWTXDASUKVJNTSVVNPMTLDLJTCAJYGJOFLARF
LPGCSFWAFZTAGZHOWQCTZHLKOUWQGUZPRYJBAJFCRJEJGDFGUDNMPZDSQRNQLYQRZAHMDWDVDOJHEYHA
F
NGYOUNJSDULMURAOKXOGEDLBKLEJAOMJNWGITDHMZAPPU
PTCCTRCAQJEFMFAXEFIBWXDRGAAMHCZRKBA
ZUJTZJIFFATXRKCLWVNOATYPAHYWNHRHMRUKXC
GZHPAHWIXAZJF
CQWZJQNJIWISRFPFXELMCEMMFPKGGLYRHAHBPZVCAXYSXKMA
AYAAANYLANTRVSDBTUGPLLFSXGFX
CFFLATQGRVSOWXKOMPHTFVHAJBBQVNTGDVXWUYCRTLGAUWGVAAYQCTOG
JOHVFXCHUXECMALEUZSUJJAEIJNAJTR
AWRSLUTHGLLVOEPGDAYGIRA
XJWTASTPUKCWMVGWXZIOYFULUX
NBXABIPAHFABLSRXCEEBHBGES
OGZRDNURMCSQTYTGFEKIXBXDI
NGCOLWZUYDAOMFUHACJYQRNCBWTYZKMZMUECRYTJKBQPLKBUDJTZWPUHRYSIKVDQKIXCPJPXY
TPMJEIBYQSUXYXCVQJFJXZFDIFEWWHDKFAPK
ZRREAIAOCAYUGTBADDZIRFFGVC
CKBCYBMMKUACMMEYGABWFADTPD
SWNFHEVTULAOLALJAGOYMRAHCOADCPZXLJAWET
IHLATGBATAPEAQLXLNJMQWNVPM
O
H
N
Q
P
Y
RK
OA
HVO
ATU
AAZ
THISISLASTDATASET
A
AA
AAA
A
ZABCDEFGHIJKLMNOPQRSTUVWXYA
BCDEFGHIJKLMNOPQRSTUVWXYZAA
A
AA
AAA
OTSU
